---
source: compiler/parser/src/string.rs
expression: parse_ast
---
[
    Located {
        range: 0..12,
        custom: (),
        node: Expr {
            value: Located {
                range: 0..12,
                custom: (),
                node: Constant {
                    value: Str(
                        "\u{7f}",
                    ),
                    kind: None,
                },
            },
        },
    },
]
