---
source: parser/src/parser.rs
expression: parse_ast
---
[]
