---
source: compiler/parser/src/function.rs
expression: parse_ast
---
Ok(
    [
        Located {
            location: Location {
                row: 1,
                column: 0,
            },
            end_location: Some(
                Location {
                    row: 1,
                    column: 32,
                },
            ),
            custom: (),
            node: FunctionDef {
                name: "f",
                args: Arguments {
                    posonlyargs: [],
                    args: [
                        Located {
                            location: Location {
                                row: 1,
                                column: 6,
                            },
                            end_location: Some(
                                Location {
                                    row: 1,
                                    column: 7,
                                },
                            ),
                            custom: (),
                            node: ArgData {
                                arg: "a",
                                annotation: None,
                                type_comment: None,
                            },
                        },
                        Located {
                            location: Location {
                                row: 1,
                                column: 9,
                            },
                            end_location: Some(
                                Location {
                                    row: 1,
                                    column: 10,
                                },
                            ),
                            custom: (),
                            node: ArgData {
                                arg: "b",
                                annotation: None,
                                type_comment: None,
                            },
                        },
                        Located {
                            location: Location {
                                row: 1,
                                column: 12,
                            },
                            end_location: Some(
                                Location {
                                    row: 1,
                                    column: 13,
                                },
                            ),
                            custom: (),
                            node: ArgData {
                                arg: "c",
                                annotation: None,
                                type_comment: None,
                            },
                        },
                    ],
                    vararg: None,
                    kwonlyargs: [
                        Located {
                            location: Location {
                                row: 1,
                                column: 18,
                            },
                            end_location: Some(
                                Location {
                                    row: 1,
                                    column: 19,
                                },
                            ),
                            custom: (),
                            node: ArgData {
                                arg: "d",
                                annotation: None,
                                type_comment: None,
                            },
                        },
                        Located {
                            location: Location {
                                row: 1,
                                column: 21,
                            },
                            end_location: Some(
                                Location {
                                    row: 1,
                                    column: 22,
                                },
                            ),
                            custom: (),
                            node: ArgData {
                                arg: "e",
                                annotation: None,
                                type_comment: None,
                            },
                        },
                        Located {
                            location: Location {
                                row: 1,
                                column: 24,
                            },
                            end_location: Some(
                                Location {
                                    row: 1,
                                    column: 25,
                                },
                            ),
                            custom: (),
                            node: ArgData {
                                arg: "f",
                                annotation: None,
                                type_comment: None,
                            },
                        },
                    ],
                    kw_defaults: [],
                    kwarg: None,
                    defaults: [],
                },
                body: [
                    Located {
                        location: Location {
                            row: 1,
                            column: 28,
                        },
                        end_location: Some(
                            Location {
                                row: 1,
                                column: 32,
                            },
                        ),
                        custom: (),
                        node: Pass,
                    },
                ],
                decorator_list: [],
                returns: None,
                type_comment: None,
            },
        },
    ],
)
