---
source: compiler/parser/src/fstring.rs
expression: parse_ast
---
[
    Located {
        location: Location {
            row: 0,
            column: 0,
        },
        custom: (),
        node: Constant {
            value: Str(
                "user=",
            ),
            kind: None,
        },
    },
    Located {
        location: Location {
            row: 0,
            column: 0,
        },
        custom: (),
        node: Constant {
            value: Str(
                "",
            ),
            kind: None,
        },
    },
    Located {
        location: Location {
            row: 0,
            column: 0,
        },
        custom: (),
        node: FormattedValue {
            value: Located {
                location: Location {
                    row: 1,
                    column: 2,
                },
                custom: (),
                node: Name {
                    id: "user",
                    ctx: Load,
                },
            },
            conversion: 0,
            format_spec: Some(
                Located {
                    location: Location {
                        row: 0,
                        column: 0,
                    },
                    custom: (),
                    node: JoinedStr {
                        values: [
                            Located {
                                location: Location {
                                    row: 0,
                                    column: 0,
                                },
                                custom: (),
                                node: Constant {
                                    value: Str(
                                        ">10",
                                    ),
                                    kind: None,
                                },
                            },
                        ],
                    },
                },
            ),
        },
    },
]
