---
source: compiler/parser/src/string.rs
expression: parse_ast
---
[
    Located {
        range: 0..38,
        custom: (),
        node: Constant {
            value: Str(
                "mix ",
            ),
            kind: None,
        },
    },
    Located {
        range: 0..38,
        custom: (),
        node: Constant {
            value: Str(
                "user=",
            ),
            kind: None,
        },
    },
    Located {
        range: 0..38,
        custom: (),
        node: Constant {
            value: Str(
                "",
            ),
            kind: None,
        },
    },
    Located {
        range: 0..38,
        custom: (),
        node: FormattedValue {
            value: Located {
                range: 7..11,
                custom: (),
                node: Name {
                    id: "user",
                    ctx: Load,
                },
            },
            conversion: 114,
            format_spec: None,
        },
    },
    Located {
        range: 0..38,
        custom: (),
        node: Constant {
            value: Str(
                " with text and ",
            ),
            kind: None,
        },
    },
    Located {
        range: 0..38,
        custom: (),
        node: Constant {
            value: Str(
                "second=",
            ),
            kind: None,
        },
    },
    Located {
        range: 0..38,
        custom: (),
        node: Constant {
            value: Str(
                "",
            ),
            kind: None,
        },
    },
    Located {
        range: 0..38,
        custom: (),
        node: FormattedValue {
            value: Located {
                range: 29..35,
                custom: (),
                node: Name {
                    id: "second",
                    ctx: Load,
                },
            },
            conversion: 114,
            format_spec: None,
        },
    },
]
