---
source: compiler/parser/src/context.rs
expression: parse_ast
---
[
    Located {
        location: Location {
            row: 1,
            column: 0,
        },
        end_location: Some(
            Location {
                row: 1,
                column: 17,
            },
        ),
        custom: (),
        node: AugAssign {
            target: Located {
                location: Location {
                    row: 1,
                    column: 0,
                },
                end_location: Some(
                    Location {
                        row: 1,
                        column: 4,
                    },
                ),
                custom: (),
                node: Subscript {
                    value: Located {
                        location: Location {
                            row: 1,
                            column: 0,
                        },
                        end_location: Some(
                            Location {
                                row: 1,
                                column: 1,
                            },
                        ),
                        custom: (),
                        node: Name {
                            id: "x",
                            ctx: Load,
                        },
                    },
                    slice: Located {
                        location: Location {
                            row: 1,
                            column: 2,
                        },
                        end_location: Some(
                            Location {
                                row: 1,
                                column: 3,
                            },
                        ),
                        custom: (),
                        node: Name {
                            id: "y",
                            ctx: Load,
                        },
                    },
                    ctx: Store,
                },
            },
            op: Add,
            value: Located {
                location: Location {
                    row: 1,
                    column: 8,
                },
                end_location: Some(
                    Location {
                        row: 1,
                        column: 17,
                    },
                ),
                custom: (),
                node: Tuple {
                    elts: [
                        Located {
                            location: Location {
                                row: 1,
                                column: 9,
                            },
                            end_location: Some(
                                Location {
                                    row: 1,
                                    column: 10,
                                },
                            ),
                            custom: (),
                            node: Constant {
                                value: Int(
                                    1,
                                ),
                                kind: None,
                            },
                        },
                        Located {
                            location: Location {
                                row: 1,
                                column: 12,
                            },
                            end_location: Some(
                                Location {
                                    row: 1,
                                    column: 13,
                                },
                            ),
                            custom: (),
                            node: Constant {
                                value: Int(
                                    2,
                                ),
                                kind: None,
                            },
                        },
                        Located {
                            location: Location {
                                row: 1,
                                column: 15,
                            },
                            end_location: Some(
                                Location {
                                    row: 1,
                                    column: 16,
                                },
                            ),
                            custom: (),
                            node: Constant {
                                value: Int(
                                    3,
                                ),
                                kind: None,
                            },
                        },
                    ],
                    ctx: Load,
                },
            },
        },
    },
]
