---
source: compiler/parser/src/function.rs
expression: parse_ast
---
Ok(
    [
        Located {
            range: 0..26,
            custom: (),
            node: Expr {
                value: Located {
                    range: 0..26,
                    custom: (),
                    node: Lambda {
                        args: Arguments {
                            posonlyargs: [],
                            args: [
                                Located {
                                    range: 7..8,
                                    custom: (),
                                    node: ArgData {
                                        arg: "a",
                                        annotation: None,
                                        type_comment: None,
                                    },
                                },
                                Located {
                                    range: 10..11,
                                    custom: (),
                                    node: ArgData {
                                        arg: "b",
                                        annotation: None,
                                        type_comment: None,
                                    },
                                },
                                Located {
                                    range: 13..14,
                                    custom: (),
                                    node: ArgData {
                                        arg: "c",
                                        annotation: None,
                                        type_comment: None,
                                    },
                                },
                            ],
                            vararg: None,
                            kwonlyargs: [
                                Located {
                                    range: 19..20,
                                    custom: (),
                                    node: ArgData {
                                        arg: "d",
                                        annotation: None,
                                        type_comment: None,
                                    },
                                },
                                Located {
                                    range: 22..23,
                                    custom: (),
                                    node: ArgData {
                                        arg: "e",
                                        annotation: None,
                                        type_comment: None,
                                    },
                                },
                            ],
                            kw_defaults: [],
                            kwarg: None,
                            defaults: [],
                        },
                        body: Located {
                            range: 25..26,
                            custom: (),
                            node: Constant {
                                value: Int(
                                    0,
                                ),
                                kind: None,
                            },
                        },
                    },
                },
            },
        },
    ],
)
