---
source: compiler/parser/src/context.rs
expression: parse_ast
---
[
    Located {
        location: Location {
            row: 1,
            column: 0,
        },
        end_location: Some(
            Location {
                row: 1,
                column: 26,
            },
        ),
        custom: (),
        node: Assign {
            targets: [
                Located {
                    location: Location {
                        row: 1,
                        column: 0,
                    },
                    end_location: Some(
                        Location {
                            row: 1,
                            column: 1,
                        },
                    ),
                    custom: (),
                    node: Name {
                        id: "x",
                        ctx: Store,
                    },
                },
            ],
            value: Located {
                location: Location {
                    row: 1,
                    column: 4,
                },
                end_location: Some(
                    Location {
                        row: 1,
                        column: 26,
                    },
                ),
                custom: (),
                node: SetComp {
                    elt: Located {
                        location: Location {
                            row: 1,
                            column: 5,
                        },
                        end_location: Some(
                            Location {
                                row: 1,
                                column: 6,
                            },
                        ),
                        custom: (),
                        node: Name {
                            id: "y",
                            ctx: Load,
                        },
                    },
                    generators: [
                        Comprehension {
                            target: Located {
                                location: Location {
                                    row: 1,
                                    column: 11,
                                },
                                end_location: Some(
                                    Location {
                                        row: 1,
                                        column: 12,
                                    },
                                ),
                                custom: (),
                                node: Name {
                                    id: "y",
                                    ctx: Store,
                                },
                            },
                            iter: Located {
                                location: Location {
                                    row: 1,
                                    column: 16,
                                },
                                end_location: Some(
                                    Location {
                                        row: 1,
                                        column: 25,
                                    },
                                ),
                                custom: (),
                                node: Tuple {
                                    elts: [
                                        Located {
                                            location: Location {
                                                row: 1,
                                                column: 17,
                                            },
                                            end_location: Some(
                                                Location {
                                                    row: 1,
                                                    column: 18,
                                                },
                                            ),
                                            custom: (),
                                            node: Constant {
                                                value: Int(
                                                    1,
                                                ),
                                                kind: None,
                                            },
                                        },
                                        Located {
                                            location: Location {
                                                row: 1,
                                                column: 20,
                                            },
                                            end_location: Some(
                                                Location {
                                                    row: 1,
                                                    column: 21,
                                                },
                                            ),
                                            custom: (),
                                            node: Constant {
                                                value: Int(
                                                    2,
                                                ),
                                                kind: None,
                                            },
                                        },
                                        Located {
                                            location: Location {
                                                row: 1,
                                                column: 23,
                                            },
                                            end_location: Some(
                                                Location {
                                                    row: 1,
                                                    column: 24,
                                                },
                                            ),
                                            custom: (),
                                            node: Constant {
                                                value: Int(
                                                    3,
                                                ),
                                                kind: None,
                                            },
                                        },
                                    ],
                                    ctx: Load,
                                },
                            },
                            ifs: [],
                            is_async: 0,
                        },
                    ],
                },
            },
            type_comment: None,
        },
    },
]
