---
source: compiler/src/compile.rs
expression: "compile_exec(\"\\\nif True or False or False:\n    pass\n\")"
---
  1           0 LoadConst            (True)
              1 PopJumpIfTrue        (6)
              2 LoadConst            (False)
              3 PopJumpIfTrue        (6)
              4 LoadConst            (False)
              5 PopJumpIfFalse       (6)

  2     >>    6 LoadConst            (None)
              7 ReturnValue

