---
source: compiler/codegen/src/compile.rs
expression: "compile_exec(\"\\\nif True and False and False:\n    pass\n\")"
---
  1           0 LoadConst            (True)
              1 PopJumpIfFalse       (6)
              2 LoadConst            (False)
              3 PopJumpIfFalse       (6)
              4 LoadConst            (False)
              5 PopJumpIfFalse       (6)

  2     >>    6 ReturnConst          (None)
